../Core/Src/main.c:83:6:USB_RxCallback	24	static
../Core/Src/main.c:96:6:ODESC_Send	16	static
../Core/Src/main.c:101:6:USB_Print	16	static
../Core/Src/main.c:106:6:IMU_Write	24	static
../Core/Src/main.c:114:9:IMU_Read	32	static
../Core/Src/main.c:124:6:IMU_ReadMulti	80	dynamic
../Core/Src/main.c:136:6:IMU_WriteIREG	24	static
../Core/Src/main.c:149:6:IMU_Init	16	static
../Core/Src/main.c:208:7:clamp	24	static
../Core/Src/main.c:215:6:IMU_CalibrateGyro	40	static
../Core/Src/main.c:230:6:IMU_InitAngle	48	static
../Core/Src/main.c:248:6:ODESC_InitTorqueMode	8	static
../Core/Src/main.c:256:7:ODESC_GetVBus	64	static
../Core/Src/main.c:279:7:ODESC_GetFloat	72	static
../Core/Src/main.c:303:14:servo_poly_raw	32	static
../Core/Src/main.c:317:13:servo_poly_init	8	static
../Core/Src/main.c:322:14:servo_poly	16	static
../Core/Src/main.c:327:14:servo_signed_offset	24	static
../Core/Src/main.c:338:13:set_motor_pwm	16	static
../Core/Src/main.c:345:13:set_servo_pwm	32	static
../Core/Src/main.c:360:13:process_usb_line	24	static
../Core/Src/main.c:374:13:poll_usb_rx	16	static
../Core/Src/main.c:399:5:main	136	static
../Core/Src/main.c:532:6:SystemClock_Config	88	static
../Core/Src/main.c:568:13:MX_SPI1_Init	8	static
../Core/Src/main.c:588:13:MX_TIM2_Init	64	static
../Core/Src/main.c:635:13:MX_USART1_UART_Init	8	static
../Core/Src/main.c:651:13:MX_GPIO_Init	48	static
../Core/Src/main.c:679:6:Error_Handler	4	static,ignoring_inline_asm
